Using device: cpu
[Layout 1 - Raw - Training.csv] 7950 rows, 17 WAP columns (ground-truth positions: 17/17, 100%). 66940/135150 (49.5%) cells were the -110.0 dBm 'not detected' sentinel.
[Layout 1 - Raw - Testing.csv] 3840 rows, 17 WAP columns (ground-truth positions: 17/17, 100%). 31800/65280 (48.7%) cells were the -110.0 dBm 'not detected' sentinel.
Floors: [0, 1, 2] -> 3 classes
Disjointness OK: [268, 58, 58] distinct physical points, zero overlap across 3 splits.
Disjointness OK: [268, 58, 58] distinct physical points, zero overlap across 3 splits.
Grouped split -> train=8220 val=1790 test=1780 rows

Naive constant baseline (grouped test): median_xy_err=11.02m floor_acc=0.320

  epoch   1/10 | train_loss 61.5926 train_floor_acc 0.513 | val_loss 5.7084 val_floor_acc 0.688 val_3d_err 1.33m
  epoch   2/10 | train_loss 13.8730 train_floor_acc 0.732 | val_loss 3.0992 val_floor_acc 0.736 val_3d_err 1.18m
  epoch   3/10 | train_loss 5.3070 train_floor_acc 0.797 | val_loss 2.7899 val_floor_acc 0.745 val_3d_err 1.15m
  epoch   4/10 | train_loss 3.2192 train_floor_acc 0.820 | val_loss 2.3380 val_floor_acc 0.787 val_3d_err 1.02m
  epoch   5/10 | train_loss 2.7465 train_floor_acc 0.834 | val_loss 2.4328 val_floor_acc 0.820 val_3d_err 1.02m
  epoch   6/10 | train_loss 2.3543 train_floor_acc 0.846 | val_loss 2.4718 val_floor_acc 0.786 val_3d_err 1.15m
  epoch   7/10 | train_loss 2.1205 train_floor_acc 0.859 | val_loss 2.3156 val_floor_acc 0.794 val_3d_err 0.99m
  epoch   8/10 | train_loss 1.8918 train_floor_acc 0.874 | val_loss 2.3954 val_floor_acc 0.853 val_3d_err 0.94m
  epoch   9/10 | train_loss 1.7221 train_floor_acc 0.881 | val_loss 2.4296 val_floor_acc 0.853 val_3d_err 1.04m
  epoch  10/10 | train_loss 1.6862 train_floor_acc 0.885 | val_loss 2.4431 val_floor_acc 0.858 val_3d_err 0.94m

Training took 1370.7s for 10 epochs

=== FINAL: grouped test set (leakage-free spatial holdout) ===
  Model  -- median_xy_err=0.85m floor_acc=0.784 median_3d_err=1.05m
  Naive  -- median_xy_err=11.02m floor_acc=0.320

Saved outputs to B:\Uni materials\WRC Internship\17th JUly\glob_tta_3d_localization\outputs\phase2
