==============================================================================
Loading + splitting all 6 pretraining-pool sites
==============================================================================
[hdlc] 11790 rows, 384 groups, 17 AP columns (17/17 positioned), floors=[0, 1, 2]

[sod_cetc331] 1795 rows, 955 groups, 52 AP columns (52/52 positioned), floors=[1, 2, 3]

[sod_hcxy] 12230 rows, 465 groups, 56 AP columns (56/56 positioned), floors=[4]

[sod_syl] 9900 rows, 397 groups, 46 AP columns (46/46 positioned), floors=[4]

[uji_b1] 5196 rows, 12 groups, 520 AP columns (169/520 positioned), floors=[0, 1, 2, 3]
[uji_b1] dropped 37/5196 rows with no positioned visible AP (0.7%).

[uji_b2] 9492 rows, 16 groups, 520 AP columns (153/520 positioned), floors=[0, 1, 2, 3, 4]
[uji_b2] dropped 38/9492 rows with no positioned visible AP (0.4%).

Combined training pool: 33369 rows across 6 sites
Combined validation pool: 8154 rows

Using device: cpu
  epoch  1/5 | train_median_xy 2.22m | val_median_xy 1.65m
      val[hdlc        ] xy=   0.85m  floor_acc=0.561  3d_err=   1.64m
      val[sod_cetc331 ] xy=   2.92m  floor_acc=0.685  3d_err=   3.67m
      val[sod_hcxy    ] xy=   2.28m  floor_acc=1.000  3d_err=   2.28m
      val[sod_syl     ] xy=   2.70m  floor_acc=1.000  3d_err=   2.70m
      val[uji_b1      ] xy=   2.02m  floor_acc=0.310  3d_err=   4.25m
      val[uji_b2      ] xy=   1.51m  floor_acc=0.267  3d_err=   7.00m
  epoch  2/5 | train_median_xy 1.40m | val_median_xy 1.51m
      val[hdlc        ] xy=   0.91m  floor_acc=0.650  3d_err=   1.32m
      val[sod_cetc331 ] xy=   2.50m  floor_acc=0.807  3d_err=   3.33m
      val[sod_hcxy    ] xy=   2.18m  floor_acc=1.000  3d_err=   2.18m
      val[sod_syl     ] xy=   2.39m  floor_acc=1.000  3d_err=   2.39m
      val[uji_b1      ] xy=   1.52m  floor_acc=0.347  3d_err=   3.81m
      val[uji_b2      ] xy=   0.96m  floor_acc=0.300  3d_err=   5.69m
  epoch  3/5 | train_median_xy 1.22m | val_median_xy 1.46m
      val[hdlc        ] xy=   0.93m  floor_acc=0.601  3d_err=   1.63m
      val[sod_cetc331 ] xy=   2.53m  floor_acc=0.720  3d_err=   3.45m
      val[sod_hcxy    ] xy=   2.19m  floor_acc=1.000  3d_err=   2.19m
      val[sod_syl     ] xy=   2.70m  floor_acc=1.000  3d_err=   2.70m
      val[uji_b1      ] xy=   1.50m  floor_acc=0.267  3d_err=   4.11m
      val[uji_b2      ] xy=   1.00m  floor_acc=0.308  3d_err=   4.23m
  epoch  4/5 | train_median_xy 1.13m | val_median_xy 1.37m
      val[hdlc        ] xy=   0.88m  floor_acc=0.635  3d_err=   1.51m
      val[sod_cetc331 ] xy=   2.76m  floor_acc=0.677  3d_err=   3.70m
      val[sod_hcxy    ] xy=   1.98m  floor_acc=1.000  3d_err=   1.98m
      val[sod_syl     ] xy=   2.56m  floor_acc=1.000  3d_err=   2.56m
      val[uji_b1      ] xy=   1.13m  floor_acc=0.342  3d_err=   3.65m
      val[uji_b2      ] xy=   0.79m  floor_acc=0.299  3d_err=   4.26m
  epoch  5/5 | train_median_xy 1.08m | val_median_xy 1.33m
      val[hdlc        ] xy=   0.89m  floor_acc=0.655  3d_err=   1.27m
      val[sod_cetc331 ] xy=   2.45m  floor_acc=0.732  3d_err=   3.15m
      val[sod_hcxy    ] xy=   1.86m  floor_acc=1.000  3d_err=   1.86m
      val[sod_syl     ] xy=   2.27m  floor_acc=1.000  3d_err=   2.27m
      val[uji_b1      ] xy=   1.08m  floor_acc=0.364  3d_err=   3.62m
      val[uji_b2      ] xy=   0.86m  floor_acc=0.296  3d_err=   4.04m

Training took 3687.7s for 5 epochs

==============================================================================
Final per-site test results vs. naive baseline
==============================================================================
[hdlc        ] model xy=   0.88m  floor_acc=0.576  3d_err=   1.41m   ||   naive xy=  11.02m  floor_acc=0.320
[sod_cetc331 ] model xy=   2.12m  floor_acc=0.648  3d_err=   3.55m   ||   naive xy=  14.85m  floor_acc=0.451
[sod_hcxy    ] model xy=   1.88m  floor_acc=1.000  3d_err=   1.88m   ||   naive xy=  39.22m  floor_acc=1.000
[sod_syl     ] model xy=   2.44m  floor_acc=1.000  3d_err=   2.44m   ||   naive xy=  20.86m  floor_acc=1.000
[uji_b1      ] model xy=   1.52m  floor_acc=0.149  3d_err=   7.02m   ||   naive xy=  59.53m  floor_acc=0.000
[uji_b2      ] model xy=   1.02m  floor_acc=0.246  3d_err=   3.84m   ||   naive xy=  36.75m  floor_acc=0.251
    *** WARNING: [uji_b2] model does NOT beat naive floor baseline ***

==============================================================================
Zero-shot evaluation: uji_b0 (NEVER trained on -- no floor head exists for it)
==============================================================================
[uji_b0] 5249 rows, 2 groups, 520 AP columns (150/520 positioned), floors=[0, 1, 2, 3]
[uji_b0] dropped 1/5249 rows with no positioned visible AP (0.0%).
[uji_b0] zero-shot model xy=1.51m (floor: N/A, no head for an unseen site)   ||   in-site naive xy=41.80m
Zero-shot backbone beats in-site naive baseline: True

Saved outputs to B:\Uni materials\WRC Internship\17th JUly\glob_tta_3d_localization\outputs\phase5b
