Re-deriving splits/site_num_floors for all 6 pretraining sites...
[hdlc] 11790 rows, 384 groups, 17 AP columns (17/17 positioned), floors=[0, 1, 2]
[sod_cetc331] 1795 rows, 955 groups, 52 AP columns (52/52 positioned), floors=[1, 2, 3]
[sod_hcxy] 12230 rows, 465 groups, 56 AP columns (56/56 positioned), floors=[4]
[sod_syl] 9900 rows, 397 groups, 46 AP columns (46/46 positioned), floors=[4]
[uji_b1] 5196 rows, 12 groups, 520 AP columns (169/520 positioned), floors=[0, 1, 2, 3]
[uji_b1] dropped 37/5196 rows with no positioned visible AP (0.7%).
[uji_b2] 9492 rows, 16 groups, 520 AP columns (153/520 positioned), floors=[0, 1, 2, 3, 4]
[uji_b2] dropped 38/9492 rows with no positioned visible AP (0.4%).

==============================================================================
Early-stopping fine-tune: uji_b1 (lr=1e-05)
==============================================================================
[uji_b1] starting from phase5c_uji_continue checkpoint: xy=0.67m floor_acc=0.460
    ft epoch 1/40 (lr=1e-05) | train_xy 0.16m | val_xy 0.50m val_floor_acc 0.599 val_3d 1.00m
    ft epoch 2/40 (lr=1e-05) | train_xy 0.13m | val_xy 0.50m val_floor_acc 0.633 val_3d 0.80m
    ft epoch 3/40 (lr=1e-05) | train_xy 0.14m | val_xy 0.36m val_floor_acc 0.613 val_3d 0.99m
    ft epoch 4/40 (lr=1e-05) | train_xy 0.13m | val_xy 0.43m val_floor_acc 0.623 val_3d 0.71m
    ft epoch 5/40 (lr=1e-05) | train_xy 0.14m | val_xy 0.45m val_floor_acc 0.638 val_3d 0.70m
    ft epoch 6/40 (lr=1e-05) | train_xy 0.13m | val_xy 0.42m val_floor_acc 0.632 val_3d 0.70m
    ft epoch 7/40 (lr=1e-05) | train_xy 0.15m | val_xy 0.43m val_floor_acc 0.636 val_3d 0.72m
    ft epoch 8/40 (lr=1e-05) | train_xy 0.14m | val_xy 0.39m val_floor_acc 0.641 val_3d 0.73m
    ft epoch 9/40 (lr=1e-05) | train_xy 0.13m | val_xy 0.36m val_floor_acc 0.661 val_3d 0.60m
    ft epoch 10/40 (lr=1e-05) | train_xy 0.13m | val_xy 0.37m val_floor_acc 0.659 val_3d 0.59m
    ft epoch 11/40 (lr=1e-05) | train_xy 0.13m | val_xy 0.41m val_floor_acc 0.665 val_3d 0.59m
    ft epoch 12/40 (lr=1e-05) | train_xy 0.14m | val_xy 0.40m val_floor_acc 0.677 val_3d 0.58m
    ft epoch 13/40 (lr=1e-05) | train_xy 0.14m | val_xy 0.36m val_floor_acc 0.665 val_3d 0.54m
    ft epoch 14/40 (lr=1e-05) | train_xy 0.13m | val_xy 0.50m val_floor_acc 0.668 val_3d 0.56m
    ft epoch 15/40 (lr=1e-05) | train_xy 0.13m | val_xy 0.40m val_floor_acc 0.677 val_3d 0.57m
    ft epoch 16/40 (lr=1e-05) | train_xy 0.13m | val_xy 0.36m val_floor_acc 0.676 val_3d 0.53m
    ft epoch 17/40 (lr=1e-05) | train_xy 0.12m | val_xy 0.36m val_floor_acc 0.681 val_3d 0.52m
    ft epoch 18/40 (lr=1e-05) | train_xy 0.12m | val_xy 0.37m val_floor_acc 0.690 val_3d 0.53m
    ft epoch 19/40 (lr=1e-05) | train_xy 0.13m | val_xy 0.43m val_floor_acc 0.696 val_3d 0.54m
    ft epoch 20/40 (lr=1e-05) | train_xy 0.13m | val_xy 0.49m val_floor_acc 0.685 val_3d 0.54m
    ft epoch 21/40 (lr=1e-05) | train_xy 0.13m | val_xy 0.38m val_floor_acc 0.690 val_3d 0.52m
    ft epoch 22/40 (lr=1e-05) | train_xy 0.13m | val_xy 0.37m val_floor_acc 0.707 val_3d 0.52m
    ft epoch 23/40 (lr=1e-05) | train_xy 0.14m | val_xy 0.36m val_floor_acc 0.696 val_3d 0.53m
    ft epoch 24/40 (lr=1e-05) | train_xy 0.13m | val_xy 0.49m val_floor_acc 0.711 val_3d 0.52m
    ft epoch 25/40 (lr=1e-05) | train_xy 0.12m | val_xy 0.50m val_floor_acc 0.722 val_3d 0.52m
    ft epoch 26/40 (lr=1e-05) | train_xy 0.12m | val_xy 0.48m val_floor_acc 0.710 val_3d 0.52m
    ft epoch 27/40 (lr=1e-05) | train_xy 0.12m | val_xy 0.50m val_floor_acc 0.701 val_3d 0.52m
    ft epoch 28/40 (lr=1e-05) | train_xy 0.13m | val_xy 0.37m val_floor_acc 0.709 val_3d 0.52m
    Early stopping at epoch 28: no val_3d improvement > 0.005m for 6 epochs (best was epoch 22, val_3d=0.52m).
[uji_b1] converged at epoch 22/28: xy=0.58m floor_acc=0.521  (2921s)
[uji_b1] naive: xy=59.53m floor_acc=0.000

==============================================================================
Early-stopping fine-tune: uji_b2 (lr=3e-05)
==============================================================================
[uji_b2] starting from phase5c_uji_continue checkpoint: xy=0.35m floor_acc=0.579
    ft epoch 1/40 (lr=3e-05) | train_xy 0.15m | val_xy 0.21m val_floor_acc 0.627 val_3d 0.50m
    ft epoch 2/40 (lr=3e-05) | train_xy 0.15m | val_xy 0.20m val_floor_acc 0.623 val_3d 0.52m
    ft epoch 3/40 (lr=3e-05) | train_xy 0.15m | val_xy 0.30m val_floor_acc 0.629 val_3d 0.52m
    ft epoch 4/40 (lr=3e-05) | train_xy 0.17m | val_xy 0.28m val_floor_acc 0.618 val_3d 0.51m
    ft epoch 5/40 (lr=3e-05) | train_xy 0.18m | val_xy 0.30m val_floor_acc 0.634 val_3d 0.53m
    ft epoch 6/40 (lr=3e-05) | train_xy 0.15m | val_xy 0.21m val_floor_acc 0.631 val_3d 0.50m
    ft epoch 7/40 (lr=3e-05) | train_xy 0.14m | val_xy 0.24m val_floor_acc 0.662 val_3d 0.46m
    ft epoch 8/40 (lr=3e-05) | train_xy 0.16m | val_xy 0.26m val_floor_acc 0.649 val_3d 0.49m
    ft epoch 9/40 (lr=3e-05) | train_xy 0.16m | val_xy 0.24m val_floor_acc 0.671 val_3d 0.50m
    ft epoch 10/40 (lr=3e-05) | train_xy 0.14m | val_xy 0.19m val_floor_acc 0.656 val_3d 0.36m
    ft epoch 11/40 (lr=3e-05) | train_xy 0.18m | val_xy 0.29m val_floor_acc 0.658 val_3d 0.51m
    ft epoch 12/40 (lr=3e-05) | train_xy 0.14m | val_xy 0.20m val_floor_acc 0.649 val_3d 0.41m
    ft epoch 13/40 (lr=3e-05) | train_xy 0.13m | val_xy 0.26m val_floor_acc 0.670 val_3d 0.50m
    ft epoch 14/40 (lr=3e-05) | train_xy 0.13m | val_xy 0.22m val_floor_acc 0.667 val_3d 0.45m
    ft epoch 15/40 (lr=3e-05) | train_xy 0.14m | val_xy 0.22m val_floor_acc 0.659 val_3d 0.45m
    ft epoch 16/40 (lr=3e-05) | train_xy 0.17m | val_xy 0.23m val_floor_acc 0.674 val_3d 0.38m
    Early stopping at epoch 16: no val_3d improvement > 0.005m for 6 epochs (best was epoch 10, val_3d=0.36m).
[uji_b2] converged at epoch 10/16: xy=0.27m floor_acc=0.669  (3265s)
[uji_b2] naive: xy=36.75m floor_acc=0.251

==============================================================================
Summary
==============================================================================
uji_b1     | prior floor_acc=0.460 -> final floor_acc=0.521 (converged epoch 22/28)
uji_b2     | prior floor_acc=0.579 -> final floor_acc=0.669 (converged epoch 10/16)

Saved outputs to B:\Uni materials\WRC Internship\17th JUly\glob_tta_3d_localization\outputs\phase5c_uji_early_stop
