==============================================================================
Loading + splitting all 6 pretraining-pool sites
==============================================================================
[hdlc] 11790 rows, 384 groups, 17 AP columns (17/17 positioned), floors=[0, 1, 2]
Stratified split: 3 floors, 384 groups -> train=268 val=58 test=58 groups. Floors missing from test: none, from val: none (train coverage guaranteed for all floors; too-scarce-for-test/val: none).

[sod_cetc331] 1795 rows, 955 groups, 52 AP columns (52/52 positioned), floors=[1, 2, 3]
Stratified split: 3 floors, 955 groups -> train=669 val=143 test=143 groups. Floors missing from test: none, from val: none (train coverage guaranteed for all floors; too-scarce-for-test/val: none).

[sod_hcxy] 12230 rows, 465 groups, 56 AP columns (56/56 positioned), floors=[4]
Stratified split: 1 floors, 465 groups -> train=325 val=70 test=70 groups. Floors missing from test: none, from val: none (train coverage guaranteed for all floors; too-scarce-for-test/val: none).

[sod_syl] 9900 rows, 397 groups, 46 AP columns (46/46 positioned), floors=[4]
Stratified split: 1 floors, 397 groups -> train=277 val=60 test=60 groups. Floors missing from test: none, from val: none (train coverage guaranteed for all floors; too-scarce-for-test/val: none).

[uji_b1] 5196 rows, 12 groups, 520 AP columns (169/520 positioned), floors=[0, 1, 2, 3]
[uji_b1] dropped 37/5196 rows with no positioned visible AP (0.7%).
Stratified split: 4 floors, 12 groups -> train=4 val=4 test=4 groups. Floors missing from test: none, from val: none (train coverage guaranteed for all floors; too-scarce-for-test/val: none).

[uji_b2] 9492 rows, 16 groups, 520 AP columns (153/520 positioned), floors=[0, 1, 2, 3, 4]
[uji_b2] dropped 38/9492 rows with no positioned visible AP (0.4%).
Stratified split: 5 floors, 16 groups -> train=7 val=4 test=5 groups. Floors missing from test: none, from val: none (train coverage guaranteed for all floors; too-scarce-for-test/val: [np.int64(4)]).

Combined training pool: 30063 rows across 6 sites
Combined validation pool: 10708 rows

Using device: cpu
Balanced sampler: site sizes {'hdlc': 8200, 'sod_cetc331': 1259, 'sod_hcxy': 8530, 'sod_syl': 6810, 'uji_b1': 1343, 'uji_b2': 3921}, oversampling every site up to 8530 draws/epoch (51180 total draws/epoch vs 30063 rows unweighted).
  epoch  1/8 | train_median_xy 2.00m | val_median_xy 1.76m val_median_3d 3.57m
      val[hdlc        ] xy=   1.03m  floor_acc=0.416  3d_err=   3.53m
      val[sod_cetc331 ] xy=   2.20m  floor_acc=0.629  3d_err=   3.56m
      val[sod_hcxy    ] xy=   2.43m  floor_acc=1.000  3d_err=   2.43m
      val[sod_syl     ] xy=   2.21m  floor_acc=1.000  3d_err=   2.21m
      val[uji_b1      ] xy=   2.75m  floor_acc=0.411  3d_err=   4.78m
      val[uji_b2      ] xy=   1.55m  floor_acc=0.199  3d_err=   4.82m
  epoch  2/8 | train_median_xy 1.26m | val_median_xy 1.52m val_median_3d 3.52m
      val[hdlc        ] xy=   0.94m  floor_acc=0.489  3d_err=   3.50m
      val[sod_cetc331 ] xy=   2.16m  floor_acc=0.712  3d_err=   2.90m
      val[sod_hcxy    ] xy=   2.22m  floor_acc=1.000  3d_err=   2.22m
      val[sod_syl     ] xy=   2.23m  floor_acc=1.000  3d_err=   2.23m
      val[uji_b1      ] xy=   2.13m  floor_acc=0.334  3d_err=   4.12m
      val[uji_b2      ] xy=   1.16m  floor_acc=0.218  3d_err=   4.11m
  epoch  3/8 | train_median_xy 1.09m | val_median_xy 1.30m val_median_3d 3.53m
      val[hdlc        ] xy=   0.92m  floor_acc=0.544  3d_err=   1.83m
      val[sod_cetc331 ] xy=   1.82m  floor_acc=0.706  3d_err=   2.80m
      val[sod_hcxy    ] xy=   2.14m  floor_acc=1.000  3d_err=   2.14m
      val[sod_syl     ] xy=   1.81m  floor_acc=1.000  3d_err=   1.81m
      val[uji_b1      ] xy=   1.90m  floor_acc=0.305  3d_err=   4.02m
      val[uji_b2      ] xy=   0.96m  floor_acc=0.219  3d_err=   3.81m
  epoch  4/8 | train_median_xy 1.02m | val_median_xy 1.50m val_median_3d 3.51m
      val[hdlc        ] xy=   0.95m  floor_acc=0.605  3d_err=   1.55m
      val[sod_cetc331 ] xy=   1.81m  floor_acc=0.783  3d_err=   2.33m
      val[sod_hcxy    ] xy=   2.12m  floor_acc=1.000  3d_err=   2.12m
      val[sod_syl     ] xy=   2.28m  floor_acc=1.000  3d_err=   2.28m
      val[uji_b1      ] xy=   1.92m  floor_acc=0.270  3d_err=   4.00m
      val[uji_b2      ] xy=   1.04m  floor_acc=0.245  3d_err=   3.85m
  epoch  5/8 | train_median_xy 0.99m | val_median_xy 1.19m val_median_3d 3.50m
      val[hdlc        ] xy=   0.80m  floor_acc=0.525  3d_err=   2.03m
      val[sod_cetc331 ] xy=   1.72m  floor_acc=0.856  3d_err=   1.93m
      val[sod_hcxy    ] xy=   2.15m  floor_acc=1.000  3d_err=   2.15m
      val[sod_syl     ] xy=   1.86m  floor_acc=1.000  3d_err=   1.86m
      val[uji_b1      ] xy=   1.83m  floor_acc=0.315  3d_err=   4.00m
      val[uji_b2      ] xy=   0.62m  floor_acc=0.240  3d_err=   3.65m
  epoch  6/8 | train_median_xy 0.92m | val_median_xy 1.27m val_median_3d 3.50m
      val[hdlc        ] xy=   0.76m  floor_acc=0.547  3d_err=   1.78m
      val[sod_cetc331 ] xy=   1.75m  floor_acc=0.875  3d_err=   2.03m
      val[sod_hcxy    ] xy=   2.09m  floor_acc=1.000  3d_err=   2.09m
      val[sod_syl     ] xy=   1.61m  floor_acc=1.000  3d_err=   1.61m
      val[uji_b1      ] xy=   1.73m  floor_acc=0.298  3d_err=   4.04m
      val[uji_b2      ] xy=   0.90m  floor_acc=0.251  3d_err=   3.68m
  epoch  7/8 | train_median_xy 0.87m | val_median_xy 1.11m val_median_3d 3.35m
      val[hdlc        ] xy=   0.80m  floor_acc=0.594  3d_err=   1.39m
      val[sod_cetc331 ] xy=   1.75m  floor_acc=0.939  3d_err=   1.80m
      val[sod_hcxy    ] xy=   1.91m  floor_acc=1.000  3d_err=   1.91m
      val[sod_syl     ] xy=   1.53m  floor_acc=1.000  3d_err=   1.53m
      val[uji_b1      ] xy=   1.40m  floor_acc=0.323  3d_err=   4.00m
      val[uji_b2      ] xy=   0.59m  floor_acc=0.269  3d_err=   3.64m
  epoch  8/8 | train_median_xy 0.84m | val_median_xy 1.16m val_median_3d 3.14m
      val[hdlc        ] xy=   0.67m  floor_acc=0.705  3d_err=   1.05m
      val[sod_cetc331 ] xy=   1.62m  floor_acc=0.930  3d_err=   1.67m
      val[sod_hcxy    ] xy=   2.12m  floor_acc=1.000  3d_err=   2.12m
      val[sod_syl     ] xy=   1.67m  floor_acc=1.000  3d_err=   1.67m
      val[uji_b1      ] xy=   1.41m  floor_acc=0.320  3d_err=   3.85m
      val[uji_b2      ] xy=   0.69m  floor_acc=0.258  3d_err=   3.64m

Training took 7617.8s for 8 epochs

==============================================================================
Final per-site test results vs. naive baseline
==============================================================================
[hdlc        ] model xy=   0.68m  floor_acc=0.625  3d_err=   1.28m   ||   naive xy=  13.05m  floor_acc=0.302
[sod_cetc331 ] model xy=   1.78m  floor_acc=0.915  3d_err=   1.94m   ||   naive xy=  15.98m  floor_acc=0.300
[sod_hcxy    ] model xy=   2.17m  floor_acc=1.000  3d_err=   2.17m   ||   naive xy=  36.27m  floor_acc=1.000
[sod_syl     ] model xy=   1.81m  floor_acc=1.000  3d_err=   1.81m   ||   naive xy=  21.44m  floor_acc=1.000
[uji_b1      ] model xy=   1.19m  floor_acc=0.343  3d_err=   3.73m   ||   naive xy=  96.36m  floor_acc=0.280
[uji_b2      ] model xy=   0.51m  floor_acc=0.169  3d_err=   3.68m   ||   naive xy=  51.57m  floor_acc=0.159

==============================================================================
Zero-shot evaluation: uji_b0 (NEVER trained on -- no floor head exists for it)
==============================================================================
[uji_b0] 5249 rows, 2 groups, 520 AP columns (150/520 positioned), floors=[0, 1, 2, 3]
[uji_b0] dropped 1/5249 rows with no positioned visible AP (0.0%).
[uji_b0] zero-shot model xy=1.12m (floor: N/A, no head for an unseen site)   ||   in-site naive xy=41.80m
Zero-shot backbone beats in-site naive baseline: True

Saved outputs to B:\Uni materials\WRC Internship\17th JUly\glob_tta_3d_localization\outputs\phase5b_v4
